command.Delete{Table:command.SimpleTable{Schema:"mySchema", Table:"myTable", Alias:"", Indexed:false, Index:""}, Filter:command.ConstantBooleanExpr{Value:true}}

String:
Delete[filter=true](mySchema.myTable)