command.DropTable{IfExists:true, Schema:"", Name:"myTable"}

String:
DropTable[table=myTable,ifexists=true]()