command.DropTable{IfExists:false, Schema:"mySchema", Name:"myTable"}

String:
DropTable[table=mySchema.myTable,ifexists=false]()