command.DropTable{IfExists:true, Schema:"mySchema", Name:"myTable"}

String:
DropTable[table=mySchema.myTable,ifexists=true]()