command.DropView{IfExists:false, Schema:"", Name:"myView"}

String:
DropView[view=myView,ifexists=false]()