command.DropView{IfExists:false, Schema:"mySchema", Name:"myView"}

String:
DropView[view=mySchema.myView,ifexists=false]()