command.DropView{IfExists:true, Schema:"mySchema", Name:"myView"}

String:
DropView[view=mySchema.myView,ifexists=true]()