command.DropIndex{IfExists:false, Schema:"", Name:"myIndex"}

String:
DropIndex[index=myIndex,ifexists=false]()