command.DropIndex{IfExists:true, Schema:"mySchema", Name:"myIndex"}

String:
DropIndex[index=mySchema.myIndex,ifexists=true]()