command.DropTrigger{IfExists:false, Schema:"", Name:"myTrigger"}

String:
DropTrigger[trigger=myTrigger,ifexists=false]()