command.DropTrigger{IfExists:false, Schema:"mySchema", Name:"myTrigger"}

String:
DropTrigger[trigger=mySchema.myTrigger,ifexists=false]()