command.DropTrigger{IfExists:true, Schema:"mySchema", Name:"myTrigger"}

String:
DropTrigger[trigger=mySchema.myTrigger,ifexists=true]()