command.Values{Values:[][]command.Expr{[]command.Expr{command.LiteralExpr{Value:"7"}}}}

String:
Values[]((7))